// Jest Snapshot v1, https://goo.gl/fbAQLP

exports[`AddItem renders 1`] = `
<div
  data-v-app=""
  id="app"
>
  
  <input
    type="text"
  />
  <button>
    Add
  </button>
  
</div>
`;
