// Jest Snapshot v1, https://goo.gl/fbAQLP

exports[`AddItem renders 1`] = `
<div>
  <h1>
    ToDo List
  </h1>
  <add-item-stub />
  <list-stub />
</div>
`;
